// Jest Snapshot v1, https://jestjs.io/docs/snapshot-testing

exports[`bracketSameLine => true 1`] = `
"<?xml version="1.0" encoding="UTF-8" ?>
<!DOCTYPE module PUBLIC "-//Puppy Crawl//DTD Check Configuration 1.3//EN"
  "https://www.puppycrawl.com/dtds/configuration_1_3.dtd">
<?xml-model href="project.rnc" type="application/relax-ng-compact-syntax"?>
<!-- foo -->
<svg
  xmlns="http://www.w3.org/2000/svg"
  xmlns:xlink="http://www.w3.org/1999/xlink"
  width="200"
  height="100"
  viewBox="0 0 200 100">
  <title>Style inheritance and the use element</title>
  <desc _attr="attr">
    &anp; &#12345;
    <![CDATA[
      foo
    ]]>
    bar
  </desc>
  <?pagebreak?>

  <style />
  <style />
  <style type="text/css">
circle {
  stroke-opacity: 0.7;
}
.special circle {
  stroke: green;
}
use {
  stroke: purple;
  fill: orange;
}
  </style>
  <script value="lint" />

  <yaml
    myveryveryveryverylongattributename="myveryveryveryverylongattributevalue">
- 1
  - 2
- 3
  </yaml>

  <!-- inner comment -->

  <?pagebreak?>
  <g class="special" style="fill: blue">
    <circle id="c" cy="50" cx="50" r="40" stroke-width="20" />
  </g>
  <use xlink:href="#c" x="100" />
  <ignored>
    <!-- prettier-ignore-start -->
      <   ignored   />
    <!-- prettier-ignore-end -->
  </ignored>
  <p>
    Lorem ipsum dolor sit amet, consectetur adipiscing elit. Sed at est eget
    enim consectetur accumsan. Aliquam pretium sodales ipsum quis dignissim. Sed
    id sem vel diam luctus fringilla. Aliquam quis egestas magna. Curabitur
    molestie lorem et odio porta, et molestie libero laoreet. Morbi rhoncus
    sagittis cursus. Nullam vehicula pretium consequat. Praesent porta ante at
    posuere sollicitudin. Nullam commodo tempor arcu, at condimentum neque
    elementum ut.
  </p>
  <span>content</span>

  <div>
    text with space
    <div>
      <hr />
    </div>
  </div>

  <div>
    even more
    <content />
  </div>

  <div xml:space="preserve">
      <content />
  </div>

  <div
    verylongattribute="verylongvalue"
    anotherverylongattribute="anotherverylongvalue" />

  <div attr1='singleQuotes' att2="doubleQuotes" />

  <!-- Basic sorting of xml attributes -->
  <div z="third" y="second" x="first" />

  <container xmlns:ios="iosURI" xmlns:android="androidURI">
    <foo
      xmlns:tools="toolsURI"
      android:d="d"
      android:c="c"
      some="non-ns-ed-attributes"
      here="!"
      tools:other="thing"
      android:b="b"
      xmlns="highest priority"
      android:a="a">
      <bar
        xmlns:otherTools="otherToolsURI"
        ios:d="d"
        ios:c="c"
        tools:other="thing"
        another="one"
        android:b="b"
        otherTools:baz="bing"
        ios:a="a" />
    </foo>
    <foo xmlns:foo="foo" foo:foo="foo" />
    <foo foo:foo="foo" xmlns:foo="foo" />
  </container>
  <EscapeNeeded name="Pete &quot;Maverick&quot; Mitchell" />

  <NoEscapeNeeded>He said, "Don't quote me."</NoEscapeNeeded>

  <NoEscapeNeeded name='Pete "Maverick" Mitchell' />

  <NoEscapeNeeded name="Pete 'Maverick' Mitchell" />

  <xsl:text>slide </xsl:text>

  <!-- https://github.com/prettier/plugin-xml/issues/789 -->
  <paragraph>
    <text />
    <text />
  </paragraph>
  <paragraph>
    <text xml:space="preserve">	 </text>
    <text xml:space="preserve">
</text>
  </paragraph>
  <paragraph>
    <text>                 　﻿</text>
  </paragraph>
</svg>
<!-- bar -->
"
`;

exports[`bracketSameLine => true, xmlSelfClosingSpace => false 1`] = `
"<?xml version="1.0" encoding="UTF-8"?>
<!DOCTYPE module PUBLIC "-//Puppy Crawl//DTD Check Configuration 1.3//EN"
  "https://www.puppycrawl.com/dtds/configuration_1_3.dtd">
<?xml-model href="project.rnc" type="application/relax-ng-compact-syntax"?>
<!-- foo -->
<svg
  xmlns="http://www.w3.org/2000/svg"
  xmlns:xlink="http://www.w3.org/1999/xlink"
  width="200"
  height="100"
  viewBox="0 0 200 100">
  <title>Style inheritance and the use element</title>
  <desc _attr="attr">
    &anp; &#12345;
    <![CDATA[
      foo
    ]]>
    bar
  </desc>
  <?pagebreak?>

  <style/>
  <style/>
  <style type="text/css">
circle {
  stroke-opacity: 0.7;
}
.special circle {
  stroke: green;
}
use {
  stroke: purple;
  fill: orange;
}
  </style>
  <script value="lint"/>

  <yaml
    myveryveryveryverylongattributename="myveryveryveryverylongattributevalue">
- 1
  - 2
- 3
  </yaml>

  <!-- inner comment -->

  <?pagebreak?>
  <g class="special" style="fill: blue">
    <circle id="c" cy="50" cx="50" r="40" stroke-width="20"/>
  </g>
  <use xlink:href="#c" x="100"/>
  <ignored>
    <!-- prettier-ignore-start -->
      <   ignored   />
    <!-- prettier-ignore-end -->
  </ignored>
  <p>
    Lorem ipsum dolor sit amet, consectetur adipiscing elit. Sed at est eget
    enim consectetur accumsan. Aliquam pretium sodales ipsum quis dignissim. Sed
    id sem vel diam luctus fringilla. Aliquam quis egestas magna. Curabitur
    molestie lorem et odio porta, et molestie libero laoreet. Morbi rhoncus
    sagittis cursus. Nullam vehicula pretium consequat. Praesent porta ante at
    posuere sollicitudin. Nullam commodo tempor arcu, at condimentum neque
    elementum ut.
  </p>
  <span>content</span>

  <div>
    text with space
    <div>
      <hr/>
    </div>
  </div>

  <div>
    even more
    <content/>
  </div>

  <div xml:space="preserve">
      <content/>
  </div>

  <div
    verylongattribute="verylongvalue"
    anotherverylongattribute="anotherverylongvalue"/>

  <div attr1='singleQuotes' att2="doubleQuotes"/>

  <!-- Basic sorting of xml attributes -->
  <div z="third" y="second" x="first"/>

  <container xmlns:ios="iosURI" xmlns:android="androidURI">
    <foo
      xmlns:tools="toolsURI"
      android:d="d"
      android:c="c"
      some="non-ns-ed-attributes"
      here="!"
      tools:other="thing"
      android:b="b"
      xmlns="highest priority"
      android:a="a">
      <bar
        xmlns:otherTools="otherToolsURI"
        ios:d="d"
        ios:c="c"
        tools:other="thing"
        another="one"
        android:b="b"
        otherTools:baz="bing"
        ios:a="a"/>
    </foo>
    <foo xmlns:foo="foo" foo:foo="foo"/>
    <foo foo:foo="foo" xmlns:foo="foo"/>
  </container>
  <EscapeNeeded name="Pete &quot;Maverick&quot; Mitchell"/>

  <NoEscapeNeeded>He said, "Don't quote me."</NoEscapeNeeded>

  <NoEscapeNeeded name='Pete "Maverick" Mitchell'/>

  <NoEscapeNeeded name="Pete 'Maverick' Mitchell"/>

  <xsl:text>slide </xsl:text>

  <!-- https://github.com/prettier/plugin-xml/issues/789 -->
  <paragraph>
    <text/>
    <text/>
  </paragraph>
  <paragraph>
    <text xml:space="preserve">	 </text>
    <text xml:space="preserve">
</text>
  </paragraph>
  <paragraph>
    <text>                 　﻿</text>
  </paragraph>
</svg>
<!-- bar -->
"
`;

exports[`defaults 1`] = `
"<?xml version="1.0" encoding="UTF-8" ?>
<!DOCTYPE module PUBLIC "-//Puppy Crawl//DTD Check Configuration 1.3//EN"
  "https://www.puppycrawl.com/dtds/configuration_1_3.dtd">
<?xml-model href="project.rnc" type="application/relax-ng-compact-syntax"?>
<!-- foo -->
<svg
  xmlns="http://www.w3.org/2000/svg"
  xmlns:xlink="http://www.w3.org/1999/xlink"
  width="200"
  height="100"
  viewBox="0 0 200 100"
>
  <title>Style inheritance and the use element</title>
  <desc _attr="attr">
    &anp; &#12345;
    <![CDATA[
      foo
    ]]>
    bar
  </desc>
  <?pagebreak?>

  <style />
  <style> </style>
  <style type="text/css">
circle {
  stroke-opacity: 0.7;
}
.special circle {
  stroke: green;
}
use {
  stroke: purple;
  fill: orange;
}
  </style>
  <script value="lint" />

  <yaml
    myveryveryveryverylongattributename="myveryveryveryverylongattributevalue"
  >
- 1
  - 2
- 3
  </yaml>

  <!-- inner comment -->

  <?pagebreak?>
    <g class="special" style="fill: blue">
        <circle id="c" cy="50" cx="50" r="40" stroke-width="20" />
    </g>
  <use xlink:href="#c" x="100" />
  <ignored>
    <!-- prettier-ignore-start -->
      <   ignored   />
    <!-- prettier-ignore-end -->
  </ignored>
  <p>
    Lorem ipsum dolor sit amet, consectetur adipiscing elit. Sed at est eget enim consectetur accumsan. Aliquam pretium sodales ipsum quis dignissim. Sed id sem vel diam luctus fringilla. Aliquam quis egestas magna. Curabitur molestie lorem et odio porta, et molestie libero laoreet. Morbi rhoncus sagittis cursus. Nullam vehicula pretium consequat. Praesent porta ante at posuere sollicitudin. Nullam commodo tempor arcu, at condimentum neque elementum ut.
  </p>
  <span>
    content
  </span>

  <div> text   with space<div><hr /></div>   </div>

  <div>
    even more
    <content />
  </div>

  <div xml:space="preserve">
      <content />
  </div>

  <div
    verylongattribute="verylongvalue"
    anotherverylongattribute="anotherverylongvalue"
  />

  <div attr1='singleQuotes' att2="doubleQuotes" />

   <!-- Basic sorting of xml attributes -->
  <div z="third" y="second" x="first" />

  <container xmlns:ios="iosURI" xmlns:android="androidURI">
    <foo
      xmlns:tools="toolsURI"
      android:d="d"
      android:c="c"
      some="non-ns-ed-attributes"
      here="!"
      tools:other="thing"
      android:b="b"
      xmlns="highest priority"
      android:a="a"
    > 
      <bar
        xmlns:otherTools="otherToolsURI"
        ios:d="d"
        ios:c="c"
        tools:other="thing"
        another="one"
        android:b="b"
        otherTools:baz="bing"
        ios:a="a"
      />
    </foo>
    <foo xmlns:foo="foo" foo:foo="foo" />
    <foo foo:foo="foo" xmlns:foo="foo" />
  </container>
  <EscapeNeeded name="Pete &quot;Maverick&quot; Mitchell" />

  <NoEscapeNeeded>He said, "Don't quote me."</NoEscapeNeeded>

  <NoEscapeNeeded name='Pete "Maverick" Mitchell' />

  <NoEscapeNeeded name="Pete 'Maverick' Mitchell" />

  <xsl:text>slide </xsl:text>

  <!-- https://github.com/prettier/plugin-xml/issues/789 -->
  <paragraph><text>	 </text><text>
</text></paragraph>
  <paragraph><text xml:space="preserve">	 </text><text xml:space="preserve">
</text></paragraph>
  <paragraph><text>                 　﻿</text></paragraph>
</svg>
<!-- bar -->
"
`;

exports[`singleAttributePerLine => true 1`] = `
"<?xml version="1.0" encoding="UTF-8" ?>
<!DOCTYPE module PUBLIC "-//Puppy Crawl//DTD Check Configuration 1.3//EN"
  "https://www.puppycrawl.com/dtds/configuration_1_3.dtd">
<?xml-model href="project.rnc" type="application/relax-ng-compact-syntax"?>
<!-- foo -->
<svg
  xmlns="http://www.w3.org/2000/svg"
  xmlns:xlink="http://www.w3.org/1999/xlink"
  width="200"
  height="100"
  viewBox="0 0 200 100"
>
  <title>Style inheritance and the use element</title>
  <desc _attr="attr">
    &anp; &#12345;
    <![CDATA[
      foo
    ]]>
    bar
  </desc>
  <?pagebreak?>

  <style />
  <style />
  <style type="text/css">
circle {
  stroke-opacity: 0.7;
}
.special circle {
  stroke: green;
}
use {
  stroke: purple;
  fill: orange;
}
  </style>
  <script value="lint" />

  <yaml
    myveryveryveryverylongattributename="myveryveryveryverylongattributevalue"
  >
- 1
  - 2
- 3
  </yaml>

  <!-- inner comment -->

  <?pagebreak?>
  <g
    class="special"
    style="fill: blue"
  >
    <circle
      id="c"
      cy="50"
      cx="50"
      r="40"
      stroke-width="20"
    />
  </g>
  <use
    xlink:href="#c"
    x="100"
  />
  <ignored>
    <!-- prettier-ignore-start -->
      <   ignored   />
    <!-- prettier-ignore-end -->
  </ignored>
  <p>
    Lorem ipsum dolor sit amet, consectetur adipiscing elit. Sed at est eget
    enim consectetur accumsan. Aliquam pretium sodales ipsum quis dignissim. Sed
    id sem vel diam luctus fringilla. Aliquam quis egestas magna. Curabitur
    molestie lorem et odio porta, et molestie libero laoreet. Morbi rhoncus
    sagittis cursus. Nullam vehicula pretium consequat. Praesent porta ante at
    posuere sollicitudin. Nullam commodo tempor arcu, at condimentum neque
    elementum ut.
  </p>
  <span>content</span>

  <div>
    text with space
    <div>
      <hr />
    </div>
  </div>

  <div>
    even more
    <content />
  </div>

  <div xml:space="preserve">
      <content />
  </div>

  <div
    verylongattribute="verylongvalue"
    anotherverylongattribute="anotherverylongvalue"
  />

  <div
    attr1='singleQuotes'
    att2="doubleQuotes"
  />

  <!-- Basic sorting of xml attributes -->
  <div
    z="third"
    y="second"
    x="first"
  />

  <container
    xmlns:ios="iosURI"
    xmlns:android="androidURI"
  >
    <foo
      xmlns:tools="toolsURI"
      android:d="d"
      android:c="c"
      some="non-ns-ed-attributes"
      here="!"
      tools:other="thing"
      android:b="b"
      xmlns="highest priority"
      android:a="a"
    >
      <bar
        xmlns:otherTools="otherToolsURI"
        ios:d="d"
        ios:c="c"
        tools:other="thing"
        another="one"
        android:b="b"
        otherTools:baz="bing"
        ios:a="a"
      />
    </foo>
    <foo
      xmlns:foo="foo"
      foo:foo="foo"
    />
    <foo
      foo:foo="foo"
      xmlns:foo="foo"
    />
  </container>
  <EscapeNeeded name="Pete &quot;Maverick&quot; Mitchell" />

  <NoEscapeNeeded>He said, "Don't quote me."</NoEscapeNeeded>

  <NoEscapeNeeded name='Pete "Maverick" Mitchell' />

  <NoEscapeNeeded name="Pete 'Maverick' Mitchell" />

  <xsl:text>slide </xsl:text>

  <!-- https://github.com/prettier/plugin-xml/issues/789 -->
  <paragraph>
    <text />
    <text />
  </paragraph>
  <paragraph>
    <text xml:space="preserve">	 </text>
    <text xml:space="preserve">
</text>
  </paragraph>
  <paragraph>
    <text>                 　﻿</text>
  </paragraph>
</svg>
<!-- bar -->
"
`;

exports[`xmlQuoteAttributes => double 1`] = `
"<?xml version="1.0" encoding="UTF-8" ?>
<!DOCTYPE module PUBLIC "-//Puppy Crawl//DTD Check Configuration 1.3//EN"
  "https://www.puppycrawl.com/dtds/configuration_1_3.dtd">
<?xml-model href="project.rnc" type="application/relax-ng-compact-syntax"?>
<!-- foo -->
<svg
  xmlns="http://www.w3.org/2000/svg"
  xmlns:xlink="http://www.w3.org/1999/xlink"
  width="200"
  height="100"
  viewBox="0 0 200 100"
>
  <title>Style inheritance and the use element</title>
  <desc _attr="attr">
    &anp; &#12345;
    <![CDATA[
      foo
    ]]>
    bar
  </desc>
  <?pagebreak?>

  <style />
  <style> </style>
  <style type="text/css">
circle {
  stroke-opacity: 0.7;
}
.special circle {
  stroke: green;
}
use {
  stroke: purple;
  fill: orange;
}
  </style>
  <script value="lint" />

  <yaml
    myveryveryveryverylongattributename="myveryveryveryverylongattributevalue"
  >
- 1
  - 2
- 3
  </yaml>

  <!-- inner comment -->

  <?pagebreak?>
    <g class="special" style="fill: blue">
        <circle id="c" cy="50" cx="50" r="40" stroke-width="20" />
    </g>
  <use xlink:href="#c" x="100" />
  <ignored>
    <!-- prettier-ignore-start -->
      <   ignored   />
    <!-- prettier-ignore-end -->
  </ignored>
  <p>
    Lorem ipsum dolor sit amet, consectetur adipiscing elit. Sed at est eget enim consectetur accumsan. Aliquam pretium sodales ipsum quis dignissim. Sed id sem vel diam luctus fringilla. Aliquam quis egestas magna. Curabitur molestie lorem et odio porta, et molestie libero laoreet. Morbi rhoncus sagittis cursus. Nullam vehicula pretium consequat. Praesent porta ante at posuere sollicitudin. Nullam commodo tempor arcu, at condimentum neque elementum ut.
  </p>
  <span>
    content
  </span>

  <div> text   with space<div><hr /></div>   </div>

  <div>
    even more
    <content />
  </div>

  <div xml:space="preserve">
      <content />
  </div>

  <div
    verylongattribute="verylongvalue"
    anotherverylongattribute="anotherverylongvalue"
  />

  <div attr1="singleQuotes" att2="doubleQuotes" />

   <!-- Basic sorting of xml attributes -->
  <div z="third" y="second" x="first" />

  <container xmlns:ios="iosURI" xmlns:android="androidURI">
    <foo
      xmlns:tools="toolsURI"
      android:d="d"
      android:c="c"
      some="non-ns-ed-attributes"
      here="!"
      tools:other="thing"
      android:b="b"
      xmlns="highest priority"
      android:a="a"
    > 
      <bar
        xmlns:otherTools="otherToolsURI"
        ios:d="d"
        ios:c="c"
        tools:other="thing"
        another="one"
        android:b="b"
        otherTools:baz="bing"
        ios:a="a"
      />
    </foo>
    <foo xmlns:foo="foo" foo:foo="foo" />
    <foo foo:foo="foo" xmlns:foo="foo" />
  </container>
  <EscapeNeeded name="Pete &quot;Maverick&quot; Mitchell" />

  <NoEscapeNeeded>He said, "Don't quote me."</NoEscapeNeeded>

  <NoEscapeNeeded name="Pete &quot;Maverick&quot; Mitchell" />

  <NoEscapeNeeded name="Pete 'Maverick' Mitchell" />

  <xsl:text>slide </xsl:text>

  <!-- https://github.com/prettier/plugin-xml/issues/789 -->
  <paragraph><text>	 </text><text>
</text></paragraph>
  <paragraph><text xml:space="preserve">	 </text><text xml:space="preserve">
</text></paragraph>
  <paragraph><text>                 　﻿</text></paragraph>
</svg>
<!-- bar -->
"
`;

exports[`xmlQuoteAttributes => preserve 1`] = `
"<?xml version="1.0" encoding="UTF-8" ?>
<!DOCTYPE module PUBLIC "-//Puppy Crawl//DTD Check Configuration 1.3//EN"
  "https://www.puppycrawl.com/dtds/configuration_1_3.dtd">
<?xml-model href="project.rnc" type="application/relax-ng-compact-syntax"?>
<!-- foo -->
<svg
  xmlns="http://www.w3.org/2000/svg"
  xmlns:xlink="http://www.w3.org/1999/xlink"
  width="200"
  height="100"
  viewBox="0 0 200 100"
>
  <title>Style inheritance and the use element</title>
  <desc _attr="attr">
    &anp; &#12345;
    <![CDATA[
      foo
    ]]>
    bar
  </desc>
  <?pagebreak?>

  <style />
  <style> </style>
  <style type="text/css">
circle {
  stroke-opacity: 0.7;
}
.special circle {
  stroke: green;
}
use {
  stroke: purple;
  fill: orange;
}
  </style>
  <script value="lint" />

  <yaml
    myveryveryveryverylongattributename="myveryveryveryverylongattributevalue"
  >
- 1
  - 2
- 3
  </yaml>

  <!-- inner comment -->

  <?pagebreak?>
    <g class="special" style="fill: blue">
        <circle id="c" cy="50" cx="50" r="40" stroke-width="20" />
    </g>
  <use xlink:href="#c" x="100" />
  <ignored>
    <!-- prettier-ignore-start -->
      <   ignored   />
    <!-- prettier-ignore-end -->
  </ignored>
  <p>
    Lorem ipsum dolor sit amet, consectetur adipiscing elit. Sed at est eget enim consectetur accumsan. Aliquam pretium sodales ipsum quis dignissim. Sed id sem vel diam luctus fringilla. Aliquam quis egestas magna. Curabitur molestie lorem et odio porta, et molestie libero laoreet. Morbi rhoncus sagittis cursus. Nullam vehicula pretium consequat. Praesent porta ante at posuere sollicitudin. Nullam commodo tempor arcu, at condimentum neque elementum ut.
  </p>
  <span>
    content
  </span>

  <div> text   with space<div><hr /></div>   </div>

  <div>
    even more
    <content />
  </div>

  <div xml:space="preserve">
      <content />
  </div>

  <div
    verylongattribute="verylongvalue"
    anotherverylongattribute="anotherverylongvalue"
  />

  <div attr1='singleQuotes' att2="doubleQuotes" />

   <!-- Basic sorting of xml attributes -->
  <div z="third" y="second" x="first" />

  <container xmlns:ios="iosURI" xmlns:android="androidURI">
    <foo
      xmlns:tools="toolsURI"
      android:d="d"
      android:c="c"
      some="non-ns-ed-attributes"
      here="!"
      tools:other="thing"
      android:b="b"
      xmlns="highest priority"
      android:a="a"
    > 
      <bar
        xmlns:otherTools="otherToolsURI"
        ios:d="d"
        ios:c="c"
        tools:other="thing"
        another="one"
        android:b="b"
        otherTools:baz="bing"
        ios:a="a"
      />
    </foo>
    <foo xmlns:foo="foo" foo:foo="foo" />
    <foo foo:foo="foo" xmlns:foo="foo" />
  </container>
  <EscapeNeeded name="Pete &quot;Maverick&quot; Mitchell" />

  <NoEscapeNeeded>He said, "Don't quote me."</NoEscapeNeeded>

  <NoEscapeNeeded name='Pete "Maverick" Mitchell' />

  <NoEscapeNeeded name="Pete 'Maverick' Mitchell" />

  <xsl:text>slide </xsl:text>

  <!-- https://github.com/prettier/plugin-xml/issues/789 -->
  <paragraph><text>	 </text><text>
</text></paragraph>
  <paragraph><text xml:space="preserve">	 </text><text xml:space="preserve">
</text></paragraph>
  <paragraph><text>                 　﻿</text></paragraph>
</svg>
<!-- bar -->
"
`;

exports[`xmlQuoteAttributes => single 1`] = `
"<?xml version='1.0' encoding='UTF-8' ?>
<!DOCTYPE module PUBLIC "-//Puppy Crawl//DTD Check Configuration 1.3//EN"
  "https://www.puppycrawl.com/dtds/configuration_1_3.dtd">
<?xml-model href="project.rnc" type="application/relax-ng-compact-syntax"?>
<!-- foo -->
<svg
  xmlns='http://www.w3.org/2000/svg'
  xmlns:xlink='http://www.w3.org/1999/xlink'
  width='200'
  height='100'
  viewBox='0 0 200 100'
>
  <title>Style inheritance and the use element</title>
  <desc _attr='attr'>
    &anp; &#12345;
    <![CDATA[
      foo
    ]]>
    bar
  </desc>
  <?pagebreak?>

  <style />
  <style> </style>
  <style type='text/css'>
circle {
  stroke-opacity: 0.7;
}
.special circle {
  stroke: green;
}
use {
  stroke: purple;
  fill: orange;
}
  </style>
  <script value='lint' />

  <yaml
    myveryveryveryverylongattributename='myveryveryveryverylongattributevalue'
  >
- 1
  - 2
- 3
  </yaml>

  <!-- inner comment -->

  <?pagebreak?>
    <g class='special' style='fill: blue'>
        <circle id='c' cy='50' cx='50' r='40' stroke-width='20' />
    </g>
  <use xlink:href='#c' x='100' />
  <ignored>
    <!-- prettier-ignore-start -->
      <   ignored   />
    <!-- prettier-ignore-end -->
  </ignored>
  <p>
    Lorem ipsum dolor sit amet, consectetur adipiscing elit. Sed at est eget enim consectetur accumsan. Aliquam pretium sodales ipsum quis dignissim. Sed id sem vel diam luctus fringilla. Aliquam quis egestas magna. Curabitur molestie lorem et odio porta, et molestie libero laoreet. Morbi rhoncus sagittis cursus. Nullam vehicula pretium consequat. Praesent porta ante at posuere sollicitudin. Nullam commodo tempor arcu, at condimentum neque elementum ut.
  </p>
  <span>
    content
  </span>

  <div> text   with space<div><hr /></div>   </div>

  <div>
    even more
    <content />
  </div>

  <div xml:space='preserve'>
      <content />
  </div>

  <div
    verylongattribute='verylongvalue'
    anotherverylongattribute='anotherverylongvalue'
  />

  <div attr1='singleQuotes' att2='doubleQuotes' />

   <!-- Basic sorting of xml attributes -->
  <div z='third' y='second' x='first' />

  <container xmlns:ios='iosURI' xmlns:android='androidURI'>
    <foo
      xmlns:tools='toolsURI'
      android:d='d'
      android:c='c'
      some='non-ns-ed-attributes'
      here='!'
      tools:other='thing'
      android:b='b'
      xmlns='highest priority'
      android:a='a'
    > 
      <bar
        xmlns:otherTools='otherToolsURI'
        ios:d='d'
        ios:c='c'
        tools:other='thing'
        another='one'
        android:b='b'
        otherTools:baz='bing'
        ios:a='a'
      />
    </foo>
    <foo xmlns:foo='foo' foo:foo='foo' />
    <foo foo:foo='foo' xmlns:foo='foo' />
  </container>
  <EscapeNeeded name='Pete &quot;Maverick&quot; Mitchell' />

  <NoEscapeNeeded>He said, "Don't quote me."</NoEscapeNeeded>

  <NoEscapeNeeded name='Pete "Maverick" Mitchell' />

  <NoEscapeNeeded name='Pete &apos;Maverick&apos; Mitchell' />

  <xsl:text>slide </xsl:text>

  <!-- https://github.com/prettier/plugin-xml/issues/789 -->
  <paragraph><text>	 </text><text>
</text></paragraph>
  <paragraph><text xml:space='preserve'>	 </text><text xml:space='preserve'>
</text></paragraph>
  <paragraph><text>                 　﻿</text></paragraph>
</svg>
<!-- bar -->
"
`;

exports[`xmlSelfClosingSpace => false 1`] = `
"<?xml version="1.0" encoding="UTF-8"?>
<!DOCTYPE module PUBLIC "-//Puppy Crawl//DTD Check Configuration 1.3//EN"
  "https://www.puppycrawl.com/dtds/configuration_1_3.dtd">
<?xml-model href="project.rnc" type="application/relax-ng-compact-syntax"?>
<!-- foo -->
<svg
  xmlns="http://www.w3.org/2000/svg"
  xmlns:xlink="http://www.w3.org/1999/xlink"
  width="200"
  height="100"
  viewBox="0 0 200 100"
>
  <title>Style inheritance and the use element</title>
  <desc _attr="attr">
    &anp; &#12345;
    <![CDATA[
      foo
    ]]>
    bar
  </desc>
  <?pagebreak?>

  <style/>
  <style/>
  <style type="text/css">
circle {
  stroke-opacity: 0.7;
}
.special circle {
  stroke: green;
}
use {
  stroke: purple;
  fill: orange;
}
  </style>
  <script value="lint"/>

  <yaml
    myveryveryveryverylongattributename="myveryveryveryverylongattributevalue"
  >
- 1
  - 2
- 3
  </yaml>

  <!-- inner comment -->

  <?pagebreak?>
  <g class="special" style="fill: blue">
    <circle id="c" cy="50" cx="50" r="40" stroke-width="20"/>
  </g>
  <use xlink:href="#c" x="100"/>
  <ignored>
    <!-- prettier-ignore-start -->
      <   ignored   />
    <!-- prettier-ignore-end -->
  </ignored>
  <p>
    Lorem ipsum dolor sit amet, consectetur adipiscing elit. Sed at est eget
    enim consectetur accumsan. Aliquam pretium sodales ipsum quis dignissim. Sed
    id sem vel diam luctus fringilla. Aliquam quis egestas magna. Curabitur
    molestie lorem et odio porta, et molestie libero laoreet. Morbi rhoncus
    sagittis cursus. Nullam vehicula pretium consequat. Praesent porta ante at
    posuere sollicitudin. Nullam commodo tempor arcu, at condimentum neque
    elementum ut.
  </p>
  <span>content</span>

  <div>
    text with space
    <div>
      <hr/>
    </div>
  </div>

  <div>
    even more
    <content/>
  </div>

  <div xml:space="preserve">
      <content/>
  </div>

  <div
    verylongattribute="verylongvalue"
    anotherverylongattribute="anotherverylongvalue"
  />

  <div attr1='singleQuotes' att2="doubleQuotes"/>

  <!-- Basic sorting of xml attributes -->
  <div z="third" y="second" x="first"/>

  <container xmlns:ios="iosURI" xmlns:android="androidURI">
    <foo
      xmlns:tools="toolsURI"
      android:d="d"
      android:c="c"
      some="non-ns-ed-attributes"
      here="!"
      tools:other="thing"
      android:b="b"
      xmlns="highest priority"
      android:a="a"
    >
      <bar
        xmlns:otherTools="otherToolsURI"
        ios:d="d"
        ios:c="c"
        tools:other="thing"
        another="one"
        android:b="b"
        otherTools:baz="bing"
        ios:a="a"
      />
    </foo>
    <foo xmlns:foo="foo" foo:foo="foo"/>
    <foo foo:foo="foo" xmlns:foo="foo"/>
  </container>
  <EscapeNeeded name="Pete &quot;Maverick&quot; Mitchell"/>

  <NoEscapeNeeded>He said, "Don't quote me."</NoEscapeNeeded>

  <NoEscapeNeeded name='Pete "Maverick" Mitchell'/>

  <NoEscapeNeeded name="Pete 'Maverick' Mitchell"/>

  <xsl:text>slide </xsl:text>

  <!-- https://github.com/prettier/plugin-xml/issues/789 -->
  <paragraph>
    <text/>
    <text/>
  </paragraph>
  <paragraph>
    <text xml:space="preserve">	 </text>
    <text xml:space="preserve">
</text>
  </paragraph>
  <paragraph>
    <text>                 　﻿</text>
  </paragraph>
</svg>
<!-- bar -->
"
`;

exports[`xmlSortAttributesByKey => true 1`] = `
"<?xml version="1.0" encoding="UTF-8" ?>
<!DOCTYPE module PUBLIC "-//Puppy Crawl//DTD Check Configuration 1.3//EN"
  "https://www.puppycrawl.com/dtds/configuration_1_3.dtd">
<?xml-model href="project.rnc" type="application/relax-ng-compact-syntax"?>
<!-- foo -->
<svg
  xmlns="http://www.w3.org/2000/svg"
  xmlns:xlink="http://www.w3.org/1999/xlink"
  height="100"
  viewBox="0 0 200 100"
  width="200"
>
  <title>Style inheritance and the use element</title>
  <desc _attr="attr">
    &anp; &#12345;
    <![CDATA[
      foo
    ]]>
    bar
  </desc>
  <?pagebreak?>

  <style />
  <style> </style>
  <style type="text/css">
circle {
  stroke-opacity: 0.7;
}
.special circle {
  stroke: green;
}
use {
  stroke: purple;
  fill: orange;
}
  </style>
  <script value="lint" />

  <yaml
    myveryveryveryverylongattributename="myveryveryveryverylongattributevalue"
  >
- 1
  - 2
- 3
  </yaml>

  <!-- inner comment -->

  <?pagebreak?>
    <g class="special" style="fill: blue">
        <circle cx="50" cy="50" id="c" r="40" stroke-width="20" />
    </g>
  <use xlink:href="#c" x="100" />
  <ignored>
    <!-- prettier-ignore-start -->
      <   ignored   />
    <!-- prettier-ignore-end -->
  </ignored>
  <p>
    Lorem ipsum dolor sit amet, consectetur adipiscing elit. Sed at est eget enim consectetur accumsan. Aliquam pretium sodales ipsum quis dignissim. Sed id sem vel diam luctus fringilla. Aliquam quis egestas magna. Curabitur molestie lorem et odio porta, et molestie libero laoreet. Morbi rhoncus sagittis cursus. Nullam vehicula pretium consequat. Praesent porta ante at posuere sollicitudin. Nullam commodo tempor arcu, at condimentum neque elementum ut.
  </p>
  <span>
    content
  </span>

  <div> text   with space<div><hr /></div>   </div>

  <div>
    even more
    <content />
  </div>

  <div xml:space="preserve">
      <content />
  </div>

  <div
    anotherverylongattribute="anotherverylongvalue"
    verylongattribute="verylongvalue"
  />

  <div att2="doubleQuotes" attr1='singleQuotes' />

   <!-- Basic sorting of xml attributes -->
  <div x="first" y="second" z="third" />

  <container xmlns:android="androidURI" xmlns:ios="iosURI">
    <foo
      xmlns="highest priority"
      xmlns:tools="toolsURI"
      android:a="a"
      android:b="b"
      android:c="c"
      android:d="d"
      tools:other="thing"
      here="!"
      some="non-ns-ed-attributes"
    > 
      <bar
        xmlns:otherTools="otherToolsURI"
        android:b="b"
        ios:a="a"
        ios:c="c"
        ios:d="d"
        otherTools:baz="bing"
        tools:other="thing"
        another="one"
      />
    </foo>
    <foo xmlns:foo="foo" foo:foo="foo" />
    <foo xmlns:foo="foo" foo:foo="foo" />
  </container>
  <EscapeNeeded name="Pete &quot;Maverick&quot; Mitchell" />

  <NoEscapeNeeded>He said, "Don't quote me."</NoEscapeNeeded>

  <NoEscapeNeeded name='Pete "Maverick" Mitchell' />

  <NoEscapeNeeded name="Pete 'Maverick' Mitchell" />

  <xsl:text>slide </xsl:text>

  <!-- https://github.com/prettier/plugin-xml/issues/789 -->
  <paragraph><text>	 </text><text>
</text></paragraph>
  <paragraph><text xml:space="preserve">	 </text><text xml:space="preserve">
</text></paragraph>
  <paragraph><text>                 　﻿</text></paragraph>
</svg>
<!-- bar -->
"
`;

exports[`xmlWhitespaceSensitivity => ignore 1`] = `
"<?xml version="1.0" encoding="UTF-8" ?>
<!DOCTYPE module PUBLIC "-//Puppy Crawl//DTD Check Configuration 1.3//EN"
  "https://www.puppycrawl.com/dtds/configuration_1_3.dtd">
<?xml-model href="project.rnc" type="application/relax-ng-compact-syntax"?>
<!-- foo -->
<svg
  xmlns="http://www.w3.org/2000/svg"
  xmlns:xlink="http://www.w3.org/1999/xlink"
  width="200"
  height="100"
  viewBox="0 0 200 100"
>
  <title>Style inheritance and the use element</title>
  <desc _attr="attr">
    &anp; &#12345;
    <![CDATA[
      foo
    ]]>
    bar
  </desc>
  <?pagebreak?>

  <style />
  <style />
  <style type="text/css">
circle {
  stroke-opacity: 0.7;
}
.special circle {
  stroke: green;
}
use {
  stroke: purple;
  fill: orange;
}
  </style>
  <script value="lint" />

  <yaml
    myveryveryveryverylongattributename="myveryveryveryverylongattributevalue"
  >
- 1
  - 2
- 3
  </yaml>

  <!-- inner comment -->

  <?pagebreak?>
  <g class="special" style="fill: blue">
    <circle id="c" cy="50" cx="50" r="40" stroke-width="20" />
  </g>
  <use xlink:href="#c" x="100" />
  <ignored>
    <!-- prettier-ignore-start -->
      <   ignored   />
    <!-- prettier-ignore-end -->
  </ignored>
  <p>
    Lorem ipsum dolor sit amet, consectetur adipiscing elit. Sed at est eget
    enim consectetur accumsan. Aliquam pretium sodales ipsum quis dignissim. Sed
    id sem vel diam luctus fringilla. Aliquam quis egestas magna. Curabitur
    molestie lorem et odio porta, et molestie libero laoreet. Morbi rhoncus
    sagittis cursus. Nullam vehicula pretium consequat. Praesent porta ante at
    posuere sollicitudin. Nullam commodo tempor arcu, at condimentum neque
    elementum ut.
  </p>
  <span>content</span>

  <div>
    text with space
    <div>
      <hr />
    </div>
  </div>

  <div>
    even more
    <content />
  </div>

  <div xml:space="preserve">
      <content />
  </div>

  <div
    verylongattribute="verylongvalue"
    anotherverylongattribute="anotherverylongvalue"
  />

  <div attr1='singleQuotes' att2="doubleQuotes" />

  <!-- Basic sorting of xml attributes -->
  <div z="third" y="second" x="first" />

  <container xmlns:ios="iosURI" xmlns:android="androidURI">
    <foo
      xmlns:tools="toolsURI"
      android:d="d"
      android:c="c"
      some="non-ns-ed-attributes"
      here="!"
      tools:other="thing"
      android:b="b"
      xmlns="highest priority"
      android:a="a"
    >
      <bar
        xmlns:otherTools="otherToolsURI"
        ios:d="d"
        ios:c="c"
        tools:other="thing"
        another="one"
        android:b="b"
        otherTools:baz="bing"
        ios:a="a"
      />
    </foo>
    <foo xmlns:foo="foo" foo:foo="foo" />
    <foo foo:foo="foo" xmlns:foo="foo" />
  </container>
  <EscapeNeeded name="Pete &quot;Maverick&quot; Mitchell" />

  <NoEscapeNeeded>He said, "Don't quote me."</NoEscapeNeeded>

  <NoEscapeNeeded name='Pete "Maverick" Mitchell' />

  <NoEscapeNeeded name="Pete 'Maverick' Mitchell" />

  <xsl:text>slide </xsl:text>

  <!-- https://github.com/prettier/plugin-xml/issues/789 -->
  <paragraph>
    <text />
    <text />
  </paragraph>
  <paragraph>
    <text xml:space="preserve">	 </text>
    <text xml:space="preserve">
</text>
  </paragraph>
  <paragraph>
    <text>                 　﻿</text>
  </paragraph>
</svg>
<!-- bar -->
"
`;

exports[`xmlWhitespaceSensitivity => preserve 1`] = `
"<?xml version="1.0" encoding="UTF-8" ?>
<!DOCTYPE module PUBLIC "-//Puppy Crawl//DTD Check Configuration 1.3//EN"
  "https://www.puppycrawl.com/dtds/configuration_1_3.dtd">
<?xml-model href="project.rnc" type="application/relax-ng-compact-syntax"?>
<!-- foo -->
<svg
  xmlns="http://www.w3.org/2000/svg"
  xmlns:xlink="http://www.w3.org/1999/xlink"
  width="200"
  height="100"
  viewBox="0 0 200 100"
>
  <title>Style inheritance and the use element</title>
  <desc _attr="attr">
    &anp; &#12345;
    <![CDATA[
      foo
    ]]>
    bar
  </desc>
  <?pagebreak?>

  <style />
  <style />
  <style type="text/css">
circle {
  stroke-opacity: 0.7;
}
.special circle {
  stroke: green;
}
use {
  stroke: purple;
  fill: orange;
}
  </style>
  <script value="lint" />

  <yaml
    myveryveryveryverylongattributename="myveryveryveryverylongattributevalue"
  >
- 1
  - 2
- 3
  </yaml>

  <!-- inner comment -->

  <?pagebreak?>
  <g class="special" style="fill: blue">
    <circle id="c" cy="50" cx="50" r="40" stroke-width="20" />
  </g>
  <use xlink:href="#c" x="100" />
  <ignored>
    <!-- prettier-ignore-start -->
      <   ignored   />
    <!-- prettier-ignore-end -->
  </ignored>
  <p>
    Lorem ipsum dolor sit amet, consectetur adipiscing elit. Sed at est eget enim consectetur accumsan. Aliquam pretium sodales ipsum quis dignissim. Sed id sem vel diam luctus fringilla. Aliquam quis egestas magna. Curabitur molestie lorem et odio porta, et molestie libero laoreet. Morbi rhoncus sagittis cursus. Nullam vehicula pretium consequat. Praesent porta ante at posuere sollicitudin. Nullam commodo tempor arcu, at condimentum neque elementum ut.
  </p>
  <span>
    content
  </span>

  <div> text   with space<div>
    <hr />
  </div>   </div>

  <div>
    even more
    <content />
  </div>

  <div xml:space="preserve">
      <content />
  </div>

  <div
    verylongattribute="verylongvalue"
    anotherverylongattribute="anotherverylongvalue"
  />

  <div attr1='singleQuotes' att2="doubleQuotes" />

  <!-- Basic sorting of xml attributes -->
  <div z="third" y="second" x="first" />

  <container xmlns:ios="iosURI" xmlns:android="androidURI">
    <foo
      xmlns:tools="toolsURI"
      android:d="d"
      android:c="c"
      some="non-ns-ed-attributes"
      here="!"
      tools:other="thing"
      android:b="b"
      xmlns="highest priority"
      android:a="a"
    >
      <bar
        xmlns:otherTools="otherToolsURI"
        ios:d="d"
        ios:c="c"
        tools:other="thing"
        another="one"
        android:b="b"
        otherTools:baz="bing"
        ios:a="a"
      />
    </foo>
    <foo xmlns:foo="foo" foo:foo="foo" />
    <foo foo:foo="foo" xmlns:foo="foo" />
  </container>
  <EscapeNeeded name="Pete &quot;Maverick&quot; Mitchell" />

  <NoEscapeNeeded>He said, "Don't quote me."</NoEscapeNeeded>

  <NoEscapeNeeded name='Pete "Maverick" Mitchell' />

  <NoEscapeNeeded name="Pete 'Maverick' Mitchell" />

  <xsl:text>slide </xsl:text>

  <!-- https://github.com/prettier/plugin-xml/issues/789 -->
  <paragraph>
    <text />
    <text />
  </paragraph>
  <paragraph>
    <text xml:space="preserve">	 </text>
    <text xml:space="preserve">
</text>
  </paragraph>
  <paragraph>
    <text>                 　﻿</text>
  </paragraph>
</svg>
<!-- bar -->
"
`;
